2026-04-01 10:15:32 INFO User login successful user_id=123
2026-04-01 10:16:01 ERROR Database connection failed db=orders
2026-04-01 10:16:45 WARNING High memory usage detected service=auth
2026-04-01 10:17:10 ERROR Timeout while calling payment API
2026-04-01 10:18:22 INFO Order placed order_id=567
2026-04-01 10:19:03 ERROR Database connection failed db=users
2026-04-01 10:20:11 INFO User logout user_id=123
2026-04-01 10:21:44 ERROR Payment failed transaction_id=789
2026-04-01 10:22:30 WARNING Disk usage high server=prod-1
2026-04-01 10:23:55 ERROR Timeout while calling payment API
2026-04-01 10:24:10 INFO User login successful user_id=456
2026-04-01 10:25:42 ERROR Database connection failed db=orders
2026-04-01 10:26:33 INFO Order placed order_id=8902026-04-18 13:39:26 WARNING High memory usage detected service=auth
2026-04-18 13:39:28 INFO Timeout while calling payment API
2026-04-18 13:39:30 ERROR High memory usage detected service=auth
2026-04-18 13:39:32 WARNING User login successful user_id=123
2026-04-18 13:39:34 WARNING High memory usage detected service=auth
2026-04-18 13:39:36 WARNING User login successful user_id=123
2026-04-18 13:39:38 ERROR Payment failed transaction_id=789
2026-04-18 13:39:40 INFO Payment failed transaction_id=789
2026-04-18 13:39:42 ERROR Payment failed transaction_id=789
2026-04-18 13:39:44 INFO User login successful user_id=123
2026-04-18 13:39:46 WARNING High memory usage detected service=auth
2026-04-18 13:39:48 INFO Timeout while calling payment API
2026-04-18 13:39:50 INFO Database connection failed db=orders
2026-04-18 13:39:52 ERROR Payment failed transaction_id=789
2026-04-18 13:39:54 ERROR Payment failed transaction_id=789
2026-04-18 13:39:56 INFO Payment failed transaction_id=789
2026-04-18 13:39:58 ERROR Timeout while calling payment API
2026-04-18 13:40:00 ERROR Database connection failed db=orders
2026-04-18 13:40:02 INFO Database connection failed db=orders
2026-04-18 13:40:04 ERROR Database connection failed db=orders
2026-04-18 13:40:06 ERROR User login successful user_id=123
2026-04-18 13:40:08 WARNING Database connection failed db=orders
2026-04-18 13:40:10 INFO Payment failed transaction_id=789
2026-04-18 13:40:12 WARNING Payment failed transaction_id=789
2026-04-18 13:40:14 ERROR Payment failed transaction_id=789
2026-04-18 13:40:16 ERROR User login successful user_id=123
2026-04-18 13:40:18 ERROR High memory usage detected service=auth
2026-04-18 13:40:20 ERROR Payment failed transaction_id=789
2026-04-18 13:40:22 INFO Timeout while calling payment API
2026-04-18 13:40:25 ERROR High memory usage detected service=auth
2026-04-18 13:40:27 ERROR Timeout while calling payment API
2026-04-18 13:40:29 WARNING User login successful user_id=123
2026-04-18 13:40:31 WARNING Payment failed transaction_id=789
2026-04-18 13:40:33 WARNING Payment failed transaction_id=789
2026-04-18 13:40:35 WARNING Database connection failed db=orders
2026-04-18 13:40:37 WARNING Database connection failed db=orders
2026-04-18 13:40:39 WARNING Timeout while calling payment API
2026-04-18 13:40:41 ERROR Database connection failed db=orders
2026-04-18 13:40:43 INFO Payment failed transaction_id=789
2026-04-18 13:40:45 WARNING High memory usage detected service=auth
2026-04-18 13:47:42 INFO Database connection failed db=orders
2026-04-18 13:47:44 WARNING User login successful user_id=123
2026-04-18 13:47:46 INFO High memory usage detected service=auth
2026-04-18 13:47:48 ERROR User login successful user_id=123
2026-04-18 13:47:50 INFO Timeout while calling payment API
2026-04-18 13:47:52 WARNING Payment failed transaction_id=789
2026-04-18 13:47:54 WARNING Payment failed transaction_id=789
2026-04-18 13:47:56 INFO Timeout while calling payment API
2026-04-18 13:47:58 WARNING User login successful user_id=123
2026-04-18 13:48:00 INFO High memory usage detected service=auth
2026-04-18 13:48:02 WARNING User login successful user_id=123
2026-04-18 13:48:04 WARNING High memory usage detected service=auth
2026-04-18 13:48:06 WARNING Database connection failed db=orders
2026-04-18 13:48:08 INFO High memory usage detected service=auth
2026-04-18 13:48:10 ERROR High memory usage detected service=auth
2026-04-18 13:48:12 INFO Timeout while calling payment API
2026-04-18 13:48:14 ERROR High memory usage detected service=auth
2026-04-18 13:48:16 WARNING Database connection failed db=orders
2026-04-18 13:48:18 ERROR Database connection failed db=orders
2026-04-18 13:48:20 ERROR High memory usage detected service=auth
2026-04-18 13:48:22 ERROR Timeout while calling payment API
2026-04-18 13:48:24 INFO User login successful user_id=123
2026-04-18 13:48:26 ERROR User login successful user_id=123
2026-04-18 13:48:28 WARNING Timeout while calling payment API
2026-04-18 13:48:30 ERROR Timeout while calling payment API
2026-04-18 13:48:32 WARNING Database connection failed db=orders
2026-04-18 13:48:34 ERROR User login successful user_id=123
2026-04-18 13:48:36 INFO User login successful user_id=123
2026-04-18 13:48:38 ERROR User login successful user_id=123
2026-04-18 13:48:40 INFO User login successful user_id=123
2026-04-18 13:48:42 ERROR High memory usage detected service=auth
2026-04-18 13:48:44 ERROR Timeout while calling payment API
2026-04-18 13:48:46 ERROR Payment failed transaction_id=789
2026-04-18 13:48:48 INFO High memory usage detected service=auth
2026-04-18 13:48:50 ERROR Database connection failed db=orders
2026-04-18 13:48:52 ERROR Database connection failed db=orders
2026-04-18 13:48:54 WARNING Database connection failed db=orders
2026-04-18 13:48:56 ERROR Database connection failed db=orders
2026-04-18 13:48:58 ERROR Payment failed transaction_id=789
2026-04-18 13:49:00 ERROR Payment failed transaction_id=789
2026-04-18 13:49:02 WARNING Timeout while calling payment API
2026-04-18 13:49:04 INFO Timeout while calling payment API
2026-04-18 13:49:06 ERROR Payment failed transaction_id=789
2026-04-18 13:49:08 INFO Payment failed transaction_id=789
2026-04-18 13:49:10 INFO High memory usage detected service=auth
2026-04-18 13:49:12 WARNING User login successful user_id=123
2026-04-18 13:49:14 WARNING Payment failed transaction_id=789
2026-04-18 13:49:16 ERROR High memory usage detected service=auth
2026-04-18 13:49:18 INFO High memory usage detected service=auth
2026-04-18 13:49:20 WARNING Payment failed transaction_id=789
2026-04-18 13:49:22 INFO Database connection failed db=orders
2026-04-18 13:49:24 WARNING High memory usage detected service=auth
2026-04-18 13:49:26 INFO Timeout while calling payment API
2026-04-18 13:49:28 ERROR User login successful user_id=123
2026-04-18 13:49:30 WARNING User login successful user_id=123
2026-04-18 13:49:32 ERROR Timeout while calling payment API
2026-04-18 13:49:34 WARNING Database connection failed db=orders
2026-04-18 13:49:36 ERROR High memory usage detected service=auth
2026-04-18 13:49:38 INFO High memory usage detected service=auth
2026-04-18 13:49:40 INFO High memory usage detected service=auth
2026-04-18 13:49:42 ERROR Timeout while calling payment API
2026-04-18 13:49:44 ERROR User login successful user_id=123
2026-04-18 13:49:46 INFO User login successful user_id=123
2026-04-18 13:49:48 WARNING Payment failed transaction_id=789
2026-04-18 13:49:50 ERROR User login successful user_id=123
2026-04-18 13:49:52 ERROR Database connection failed db=orders
2026-04-18 13:49:54 INFO Database connection failed db=orders
2026-04-18 13:49:56 ERROR High memory usage detected service=auth
2026-04-18 13:49:58 ERROR Payment failed transaction_id=789
2026-04-18 13:50:00 WARNING High memory usage detected service=auth
2026-04-18 13:50:02 ERROR Timeout while calling payment API
2026-04-18 13:50:04 INFO Database connection failed db=orders
2026-04-18 13:50:06 ERROR Timeout while calling payment API
2026-04-18 13:50:08 WARNING Database connection failed db=orders
2026-04-18 13:50:10 INFO High memory usage detected service=auth
2026-04-18 13:50:12 ERROR Timeout while calling payment API
2026-04-18 13:50:14 ERROR User login successful user_id=123
2026-04-18 13:50:16 INFO Payment failed transaction_id=789
2026-04-18 13:50:18 ERROR User login successful user_id=123
2026-04-18 13:50:20 ERROR User login successful user_id=123
2026-04-18 13:50:22 WARNING High memory usage detected service=auth
2026-04-18 13:50:24 WARNING High memory usage detected service=auth
2026-04-18 13:50:26 WARNING High memory usage detected service=auth
2026-04-18 13:50:28 ERROR Payment failed transaction_id=789
2026-04-18 13:50:30 WARNING Payment failed transaction_id=789
2026-04-18 13:50:32 ERROR User login successful user_id=123
2026-04-18 13:50:34 WARNING Database connection failed db=orders
2026-04-18 13:50:36 ERROR Payment failed transaction_id=789
2026-04-18 13:50:38 WARNING Database connection failed db=orders
2026-04-18 13:50:40 INFO Timeout while calling payment API
2026-04-18 13:50:42 INFO Payment failed transaction_id=789
2026-04-18 13:50:44 ERROR High memory usage detected service=auth
2026-04-18 13:50:46 WARNING Payment failed transaction_id=789
2026-04-18 13:50:48 INFO Payment failed transaction_id=789
2026-04-18 13:50:50 INFO Payment failed transaction_id=789
2026-04-18 13:50:52 ERROR Database connection failed db=orders
2026-04-18 13:50:54 ERROR High memory usage detected service=auth
2026-04-18 13:50:56 ERROR Payment failed transaction_id=789
2026-04-18 13:50:58 ERROR Payment failed transaction_id=789
2026-04-18 13:51:00 WARNING Timeout while calling payment API
2026-04-18 13:51:02 INFO High memory usage detected service=auth
2026-04-18 13:51:04 WARNING Timeout while calling payment API
2026-04-18 13:51:06 WARNING High memory usage detected service=auth
2026-04-18 13:51:08 INFO High memory usage detected service=auth
2026-04-18 13:51:10 ERROR Payment failed transaction_id=789
2026-04-18 13:51:12 INFO Timeout while calling payment API
2026-04-18 13:51:14 INFO User login successful user_id=123
2026-04-18 13:51:16 WARNING Database connection failed db=orders
2026-04-18 13:51:18 WARNING Timeout while calling payment API
2026-04-18 13:51:20 INFO Timeout while calling payment API
2026-04-18 13:51:22 ERROR High memory usage detected service=auth
2026-04-18 13:51:24 ERROR Timeout while calling payment API
2026-04-18 13:51:26 INFO User login successful user_id=123
2026-04-18 13:51:28 ERROR Timeout while calling payment API
2026-04-18 13:51:30 ERROR High memory usage detected service=auth
2026-04-18 13:51:32 ERROR User login successful user_id=123
2026-04-18 13:51:34 ERROR User login successful user_id=123
2026-04-18 13:51:36 ERROR Database connection failed db=orders
2026-04-18 13:51:38 WARNING User login successful user_id=123
2026-04-18 13:51:40 INFO Timeout while calling payment API
2026-04-18 13:51:42 INFO Database connection failed db=orders
2026-04-18 13:51:44 WARNING User login successful user_id=123
2026-04-18 13:51:46 WARNING Database connection failed db=orders
2026-04-18 13:51:48 INFO Payment failed transaction_id=789
2026-04-18 13:51:50 INFO User login successful user_id=123
2026-04-18 13:51:52 ERROR Database connection failed db=orders
2026-04-18 13:51:54 ERROR High memory usage detected service=auth
2026-04-18 13:51:56 INFO User login successful user_id=123
2026-04-18 13:51:58 INFO Timeout while calling payment API
2026-04-18 13:52:00 ERROR User login successful user_id=123
2026-04-18 13:52:02 ERROR User login successful user_id=123
2026-04-18 13:52:04 WARNING Timeout while calling payment API
2026-04-18 13:52:06 WARNING Timeout while calling payment API
2026-04-18 13:52:08 ERROR Payment failed transaction_id=789
2026-04-18 13:52:10 WARNING High memory usage detected service=auth
2026-04-18 13:52:12 ERROR Payment failed transaction_id=789
2026-04-18 13:52:14 ERROR Database connection failed db=orders
2026-04-18 13:52:16 ERROR Database connection failed db=orders
2026-04-18 13:52:18 ERROR Payment failed transaction_id=789
2026-04-18 13:52:20 WARNING High memory usage detected service=auth
2026-04-18 13:52:22 WARNING High memory usage detected service=auth
2026-04-18 13:52:24 WARNING Payment failed transaction_id=789
2026-04-18 13:52:26 ERROR High memory usage detected service=auth
2026-04-18 13:54:42 INFO Database connection failed db=orders
2026-04-18 13:54:44 WARNING User login successful user_id=123
2026-04-18 13:54:46 ERROR Payment failed transaction_id=789
2026-04-18 14:20:22 INFO Database connection failed db=orders
2026-04-18 14:20:24 WARNING User login successful user_id=123
2026-04-18 14:20:26 INFO User login successful user_id=123
2026-04-18 14:20:28 WARNING Timeout while calling payment API
2026-04-18 14:20:30 ERROR Timeout while calling payment API
2026-04-18 14:20:32 WARNING Timeout while calling payment API
2026-04-18 14:20:34 WARNING Timeout while calling payment API
2026-04-18 14:20:36 WARNING Payment failed transaction_id=789
2026-04-18 14:20:38 WARNING High memory usage detected service=auth
2026-04-18 14:20:40 WARNING Payment failed transaction_id=789
2026-04-18 14:20:42 ERROR High memory usage detected service=auth
2026-04-18 14:20:44 WARNING Payment failed transaction_id=789
2026-04-18 14:20:46 INFO User login successful user_id=123
2026-04-18 14:20:48 WARNING User login successful user_id=123
2026-04-18 14:20:50 WARNING Payment failed transaction_id=789
2026-04-18 14:20:52 WARNING High memory usage detected service=auth
2026-04-18 14:20:54 ERROR Timeout while calling payment API
2026-04-18 14:20:56 INFO Database connection failed db=orders
2026-04-18 14:20:58 WARNING User login successful user_id=123
2026-04-18 14:21:00 INFO High memory usage detected service=auth
2026-04-18 14:21:02 WARNING High memory usage detected service=auth
2026-04-18 14:21:04 ERROR Payment failed transaction_id=789
2026-04-18 14:21:06 INFO User login successful user_id=123
2026-04-18 14:21:08 ERROR Payment failed transaction_id=789
2026-04-18 14:21:10 WARNING Payment failed transaction_id=789
2026-04-18 14:21:12 WARNING Timeout while calling payment API
2026-04-18 14:21:14 WARNING User login successful user_id=123
2026-04-18 14:21:16 ERROR User login successful user_id=123
2026-04-18 14:21:18 ERROR Database connection failed db=orders
2026-04-18 14:21:20 ERROR Timeout while calling payment API
2026-04-18 14:21:22 INFO Timeout while calling payment API
2026-04-18 14:21:24 WARNING Payment failed transaction_id=789
2026-04-18 14:21:26 WARNING Timeout while calling payment API
2026-04-18 14:21:28 ERROR User login successful user_id=123
2026-04-18 14:21:30 INFO High memory usage detected service=auth
2026-04-18 14:21:32 ERROR Database connection failed db=orders
2026-04-18 14:21:34 ERROR User login successful user_id=123
2026-04-18 14:21:36 INFO User login successful user_id=123
2026-04-18 14:21:38 WARNING Timeout while calling payment API
2026-04-18 14:21:40 INFO Payment failed transaction_id=789
2026-04-18 14:21:42 ERROR Database connection failed db=orders
2026-04-18 14:21:44 WARNING High memory usage detected service=auth
2026-04-18 14:21:46 ERROR Payment failed transaction_id=789
2026-04-18 14:21:48 ERROR High memory usage detected service=auth
2026-04-18 14:21:50 INFO User login successful user_id=123
2026-04-18 14:21:52 ERROR Payment failed transaction_id=789
2026-04-18 14:21:54 INFO Database connection failed db=orders
2026-04-18 14:21:56 INFO Database connection failed db=orders
2026-04-18 14:21:58 INFO Database connection failed db=orders
2026-04-18 14:22:00 INFO Database connection failed db=orders
2026-04-18 14:22:02 INFO High memory usage detected service=auth
2026-04-18 14:22:04 WARNING Payment failed transaction_id=789
2026-04-18 14:22:06 INFO User login successful user_id=123
2026-04-18 14:22:08 WARNING Database connection failed db=orders
2026-04-18 14:22:10 ERROR User login successful user_id=123
2026-04-18 14:22:12 ERROR High memory usage detected service=auth
2026-04-18 14:22:14 WARNING High memory usage detected service=auth
2026-04-18 14:22:16 ERROR High memory usage detected service=auth
2026-04-18 14:22:18 WARNING Database connection failed db=orders
2026-04-18 14:22:20 INFO High memory usage detected service=auth
2026-04-18 14:22:22 WARNING Database connection failed db=orders
2026-04-18 14:22:24 WARNING High memory usage detected service=auth
2026-04-18 14:22:26 ERROR Payment failed transaction_id=789
2026-04-18 14:22:28 WARNING Timeout while calling payment API
2026-04-18 14:22:30 ERROR Database connection failed db=orders
2026-04-18 14:22:32 INFO Database connection failed db=orders
2026-04-18 14:22:34 ERROR High memory usage detected service=auth
2026-04-18 14:22:36 ERROR User login successful user_id=123
2026-04-18 14:22:38 ERROR User login successful user_id=123
2026-04-18 14:22:40 WARNING High memory usage detected service=auth
2026-04-18 14:22:42 WARNING Payment failed transaction_id=789
2026-04-18 14:22:44 ERROR High memory usage detected service=auth
2026-04-18 14:22:46 WARNING User login successful user_id=123
2026-04-18 14:22:48 INFO High memory usage detected service=auth
2026-04-18 14:22:50 INFO Database connection failed db=orders
2026-04-18 14:22:52 INFO Timeout while calling payment API
2026-04-18 14:22:54 WARNING User login successful user_id=123
2026-04-18 14:22:56 INFO Payment failed transaction_id=789
2026-04-18 14:22:58 ERROR High memory usage detected service=auth
2026-04-18 14:23:00 INFO Database connection failed db=orders
2026-04-18 14:23:02 INFO Database connection failed db=orders
2026-04-18 14:23:05 INFO Database connection failed db=orders
2026-04-18 14:23:07 INFO Database connection failed db=orders
2026-04-18 14:23:09 ERROR User login successful user_id=123
2026-04-18 14:23:11 ERROR Payment failed transaction_id=789
2026-04-18 14:23:13 ERROR Timeout while calling payment API
2026-04-18 14:23:15 INFO High memory usage detected service=auth
2026-04-18 14:23:17 ERROR High memory usage detected service=auth
2026-04-18 14:23:19 INFO Database connection failed db=orders
2026-04-18 14:23:21 ERROR Database connection failed db=orders
2026-04-18 14:23:23 ERROR Timeout while calling payment API
2026-04-18 14:23:25 INFO User login successful user_id=123
2026-04-18 14:23:27 WARNING Timeout while calling payment API
2026-04-18 14:23:29 WARNING Payment failed transaction_id=789
2026-04-18 14:23:31 INFO Timeout while calling payment API
2026-04-18 14:23:33 WARNING Database connection failed db=orders
2026-04-18 14:23:35 INFO Payment failed transaction_id=789
2026-04-18 14:23:37 WARNING Timeout while calling payment API
2026-04-18 14:23:39 INFO High memory usage detected service=auth
2026-04-18 14:23:41 ERROR Timeout while calling payment API
2026-04-18 14:23:43 INFO High memory usage detected service=auth
2026-04-18 14:23:45 ERROR High memory usage detected service=auth
2026-04-18 14:23:47 WARNING Payment failed transaction_id=789
2026-04-18 14:23:49 WARNING User login successful user_id=123
2026-04-18 14:23:51 WARNING Payment failed transaction_id=789
2026-04-18 14:23:53 WARNING Database connection failed db=orders
2026-04-18 14:23:55 INFO Database connection failed db=orders
2026-04-18 14:24:52 INFO High memory usage detected service=auth
2026-04-18 14:24:54 INFO User login successful user_id=123
2026-04-18 14:24:56 ERROR Database connection failed db=orders
2026-04-18 14:24:58 INFO User login successful user_id=123
2026-04-18 14:25:00 WARNING Timeout while calling payment API
2026-04-18 14:25:02 INFO High memory usage detected service=auth
2026-04-18 14:25:04 INFO High memory usage detected service=auth
2026-04-18 14:25:06 ERROR High memory usage detected service=auth
2026-04-18 14:25:08 ERROR Payment failed transaction_id=789
2026-04-18 14:25:10 INFO User login successful user_id=123
2026-04-18 14:25:12 ERROR Database connection failed db=orders
2026-04-18 14:25:14 INFO User login successful user_id=123
2026-04-18 14:25:16 INFO Payment failed transaction_id=789
2026-04-18 14:25:18 ERROR Payment failed transaction_id=789
2026-04-18 14:25:20 ERROR Timeout while calling payment API
2026-04-18 14:25:22 INFO Payment failed transaction_id=789
2026-04-18 14:25:24 INFO Payment failed transaction_id=789
2026-04-18 14:25:26 INFO User login successful user_id=123
2026-04-18 14:25:28 WARNING Payment failed transaction_id=789
2026-04-18 14:25:30 INFO Payment failed transaction_id=789
2026-04-18 14:25:32 ERROR Database connection failed db=orders
2026-04-18 14:25:34 INFO Timeout while calling payment API
2026-04-18 14:25:36 INFO Database connection failed db=orders
2026-04-18 14:25:38 INFO Payment failed transaction_id=789
2026-04-18 14:25:40 INFO User login successful user_id=123
2026-04-18 14:25:42 INFO Payment failed transaction_id=789
2026-04-18 14:25:44 INFO Database connection failed db=orders
2026-04-18 14:25:46 INFO High memory usage detected service=auth
2026-04-18 14:25:48 ERROR Database connection failed db=orders
2026-04-18 14:25:50 WARNING Payment failed transaction_id=789
2026-04-18 14:25:52 WARNING High memory usage detected service=auth
2026-04-18 14:25:54 INFO Payment failed transaction_id=789
2026-04-18 14:25:56 INFO Payment failed transaction_id=789
2026-04-18 14:25:58 INFO Database connection failed db=orders
2026-04-18 14:26:00 WARNING Database connection failed db=orders
2026-04-18 14:26:02 INFO Payment failed transaction_id=789
2026-04-18 14:26:04 ERROR Database connection failed db=orders
2026-04-18 14:26:06 ERROR High memory usage detected service=auth
2026-04-18 14:26:08 INFO Database connection failed db=orders
2026-04-18 14:26:10 WARNING User login successful user_id=123
2026-04-18 14:26:12 INFO Timeout while calling payment API
2026-04-18 14:26:14 WARNING Payment failed transaction_id=789
2026-04-18 14:26:16 ERROR Timeout while calling payment API
2026-04-18 14:26:18 WARNING High memory usage detected service=auth
2026-04-18 14:26:20 ERROR Payment failed transaction_id=789
2026-04-18 14:26:22 INFO High memory usage detected service=auth
2026-04-18 14:26:24 INFO User login successful user_id=123
2026-04-18 14:26:26 WARNING Database connection failed db=orders
2026-04-18 14:26:28 INFO Payment failed transaction_id=789
2026-04-18 14:26:30 WARNING Payment failed transaction_id=789
2026-04-18 14:26:32 ERROR User login successful user_id=123
2026-04-18 14:26:34 ERROR Payment failed transaction_id=789
2026-04-18 14:26:36 ERROR Database connection failed db=orders
2026-04-18 14:26:38 ERROR User login successful user_id=123
2026-04-18 14:26:40 ERROR Payment failed transaction_id=789
2026-04-18 14:26:42 INFO Payment failed transaction_id=789
2026-04-18 14:26:44 INFO Database connection failed db=orders
2026-04-18 14:26:46 ERROR Database connection failed db=orders
2026-04-18 14:26:48 INFO Payment failed transaction_id=789
2026-04-18 14:26:50 ERROR Timeout while calling payment API
2026-04-18 14:26:52 ERROR Database connection failed db=orders
2026-04-18 14:26:54 WARNING High memory usage detected service=auth
2026-04-18 14:26:56 INFO Database connection failed db=orders
2026-04-18 14:26:58 INFO Timeout while calling payment API
2026-04-18 14:27:00 INFO Database connection failed db=orders
2026-04-18 14:27:02 ERROR High memory usage detected service=auth
2026-04-18 14:27:04 INFO Database connection failed db=orders
2026-04-18 14:27:06 ERROR High memory usage detected service=auth
2026-04-18 14:27:08 WARNING Database connection failed db=orders
2026-04-18 14:27:11 INFO Timeout while calling payment API
2026-04-18 14:27:13 ERROR High memory usage detected service=auth
2026-04-18 14:27:15 WARNING User login successful user_id=123
2026-04-18 14:27:17 ERROR Payment failed transaction_id=789
2026-04-18 14:27:19 WARNING Timeout while calling payment API
2026-04-18 14:27:21 WARNING Payment failed transaction_id=789
2026-04-18 14:27:23 INFO Timeout while calling payment API
2026-04-18 14:27:25 ERROR High memory usage detected service=auth
2026-04-18 14:27:27 ERROR High memory usage detected service=auth
2026-04-18 14:27:29 WARNING Timeout while calling payment API
2026-04-18 14:27:31 INFO Database connection failed db=orders
2026-04-18 14:27:33 ERROR High memory usage detected service=auth
2026-04-18 14:27:35 ERROR High memory usage detected service=auth
2026-04-18 14:27:37 WARNING Payment failed transaction_id=789
2026-04-18 14:27:39 ERROR High memory usage detected service=auth
2026-04-18 14:27:41 WARNING Database connection failed db=orders
2026-04-18 14:27:43 WARNING Payment failed transaction_id=789
2026-04-18 14:27:45 ERROR Timeout while calling payment API
2026-04-18 14:27:47 ERROR User login successful user_id=123
2026-04-18 14:27:49 WARNING Payment failed transaction_id=789
2026-04-18 14:27:51 INFO Database connection failed db=orders
2026-04-18 14:27:53 WARNING Timeout while calling payment API
2026-04-18 14:27:55 INFO Timeout while calling payment API
2026-04-18 14:27:57 INFO Database connection failed db=orders
2026-04-18 14:27:59 INFO Payment failed transaction_id=789
2026-04-18 14:28:01 WARNING Database connection failed db=orders
2026-04-18 14:28:03 WARNING Payment failed transaction_id=789
2026-04-18 14:28:05 ERROR Timeout while calling payment API
2026-04-18 14:28:07 INFO Timeout while calling payment API
2026-04-18 14:28:09 ERROR Payment failed transaction_id=789
2026-04-18 14:28:11 INFO High memory usage detected service=auth
2026-04-18 14:28:13 INFO High memory usage detected service=auth
2026-04-18 14:28:15 WARNING User login successful user_id=123
2026-04-18 14:28:17 ERROR Payment failed transaction_id=789
2026-04-18 14:28:19 INFO User login successful user_id=123
2026-04-18 14:28:21 WARNING High memory usage detected service=auth
2026-04-18 14:28:23 INFO Timeout while calling payment API
2026-04-18 14:28:25 WARNING Timeout while calling payment API
2026-04-18 14:28:27 ERROR Payment failed transaction_id=789
2026-04-18 14:28:29 WARNING Database connection failed db=orders
2026-04-18 14:28:31 WARNING High memory usage detected service=auth
2026-04-18 14:28:33 INFO Payment failed transaction_id=789
2026-04-18 14:28:35 ERROR User login successful user_id=123
2026-04-18 14:28:37 WARNING Database connection failed db=orders
2026-04-18 14:28:39 ERROR User login successful user_id=123
2026-04-18 14:28:41 ERROR Database connection failed db=orders
2026-04-18 14:28:43 INFO High memory usage detected service=auth
2026-04-18 14:28:45 INFO High memory usage detected service=auth
2026-04-18 14:28:47 WARNING Database connection failed db=orders
2026-04-18 14:28:49 WARNING Timeout while calling payment API
2026-04-18 14:28:51 INFO Payment failed transaction_id=789
2026-04-18 14:28:53 INFO Database connection failed db=orders
2026-04-18 14:28:55 WARNING Payment failed transaction_id=789
2026-04-18 14:28:57 WARNING High memory usage detected service=auth
2026-04-18 14:28:59 INFO Payment failed transaction_id=789
2026-04-18 14:29:01 ERROR User login successful user_id=123
2026-04-18 14:29:03 INFO Timeout while calling payment API
2026-04-18 14:29:05 WARNING Timeout while calling payment API
2026-04-18 14:29:07 ERROR Timeout while calling payment API
2026-04-18 14:29:09 WARNING Payment failed transaction_id=789
2026-04-18 14:29:11 INFO High memory usage detected service=auth
2026-04-18 14:29:13 INFO Database connection failed db=orders
2026-04-18 14:29:15 ERROR Timeout while calling payment API
2026-04-18 14:29:17 WARNING User login successful user_id=123
2026-04-18 14:29:19 WARNING Timeout while calling payment API
2026-04-18 14:29:21 WARNING User login successful user_id=123
2026-04-18 14:29:23 ERROR Database connection failed db=orders
2026-04-18 14:29:25 INFO High memory usage detected service=auth
2026-04-18 14:30:59 WARNING Database connection failed db=orders
2026-04-18 14:31:01 ERROR High memory usage detected service=auth
2026-04-18 14:31:03 WARNING High memory usage detected service=auth
2026-04-18 14:31:05 ERROR Database connection failed db=orders
2026-04-18 14:31:07 INFO Database connection failed db=orders
2026-04-18 14:31:09 ERROR Database connection failed db=orders
2026-04-18 14:31:11 WARNING User login successful user_id=123
2026-04-18 14:31:13 WARNING High memory usage detected service=auth
2026-04-18 14:31:15 ERROR User login successful user_id=123
2026-04-18 14:31:17 WARNING High memory usage detected service=auth
2026-04-18 14:31:19 WARNING User login successful user_id=123
2026-04-18 14:31:21 INFO High memory usage detected service=auth
2026-04-18 14:31:23 ERROR Payment failed transaction_id=789
2026-04-18 14:31:25 ERROR User login successful user_id=123
2026-04-18 14:31:27 WARNING Payment failed transaction_id=789
2026-04-18 14:31:29 WARNING User login successful user_id=123
2026-04-18 14:31:31 INFO Database connection failed db=orders
2026-04-18 14:31:33 INFO Database connection failed db=orders
2026-04-18 14:31:35 WARNING High memory usage detected service=auth
2026-04-18 14:31:37 WARNING High memory usage detected service=auth
2026-04-18 14:31:39 WARNING User login successful user_id=123
2026-04-18 14:31:41 INFO Timeout while calling payment API
2026-04-18 14:31:43 WARNING Database connection failed db=orders
2026-04-18 14:31:46 WARNING Timeout while calling payment API
2026-04-18 14:31:48 INFO Timeout while calling payment API
2026-04-18 14:31:50 WARNING Database connection failed db=orders
2026-04-18 14:31:52 ERROR Timeout while calling payment API
2026-04-18 14:31:54 ERROR High memory usage detected service=auth
2026-04-18 14:31:56 ERROR Timeout while calling payment API
2026-04-18 14:31:58 ERROR Timeout while calling payment API
2026-04-18 14:32:00 INFO Database connection failed db=orders
2026-04-18 14:32:02 INFO User login successful user_id=123
2026-04-18 14:32:04 INFO Timeout while calling payment API
2026-04-18 14:32:06 WARNING Payment failed transaction_id=789
2026-04-18 14:32:08 ERROR Timeout while calling payment API
2026-04-18 14:32:10 ERROR Payment failed transaction_id=789
2026-04-18 14:32:12 WARNING Database connection failed db=orders
2026-04-18 14:32:14 ERROR Database connection failed db=orders
2026-04-18 14:32:16 WARNING User login successful user_id=123
2026-04-18 14:32:18 WARNING User login successful user_id=123
2026-04-18 14:32:20 ERROR Timeout while calling payment API
2026-04-18 14:32:22 ERROR High memory usage detected service=auth
2026-04-18 14:32:24 INFO High memory usage detected service=auth
2026-04-18 14:32:26 INFO Database connection failed db=orders
2026-04-18 14:32:28 WARNING Database connection failed db=orders
2026-04-18 14:32:30 ERROR Database connection failed db=orders
2026-04-18 14:32:32 INFO Timeout while calling payment API
2026-04-18 14:32:34 INFO Database connection failed db=orders
2026-04-18 14:32:36 WARNING High memory usage detected service=auth
2026-04-18 14:32:38 ERROR Database connection failed db=orders
2026-04-18 14:32:40 INFO User login successful user_id=123
2026-04-18 14:32:42 INFO High memory usage detected service=auth
2026-04-18 14:32:44 WARNING High memory usage detected service=auth
2026-04-18 14:32:46 ERROR User login successful user_id=123
2026-04-18 14:32:48 INFO User login successful user_id=123
2026-04-18 14:32:50 ERROR Database connection failed db=orders
2026-04-18 14:32:52 WARNING Payment failed transaction_id=789
2026-04-18 14:32:54 ERROR Timeout while calling payment API
2026-04-18 14:32:56 WARNING Payment failed transaction_id=789
2026-04-18 14:32:58 INFO High memory usage detected service=auth
2026-04-18 14:33:00 INFO Payment failed transaction_id=789
2026-04-18 14:33:02 WARNING Database connection failed db=orders
2026-04-18 14:33:04 INFO Timeout while calling payment API
2026-04-18 14:33:06 ERROR Timeout while calling payment API
2026-04-18 14:33:08 ERROR User login successful user_id=123
2026-04-18 14:33:10 INFO User login successful user_id=123
2026-04-18 14:33:12 WARNING Database connection failed db=orders
2026-04-18 14:33:14 ERROR High memory usage detected service=auth
2026-04-18 14:33:16 INFO Timeout while calling payment API
2026-04-18 14:33:18 WARNING Timeout while calling payment API
2026-04-18 14:33:20 INFO Timeout while calling payment API
2026-04-18 14:33:22 WARNING User login successful user_id=123
2026-04-18 14:33:24 WARNING Database connection failed db=orders
2026-04-18 14:33:26 WARNING Payment failed transaction_id=789
2026-04-18 14:33:28 WARNING Payment failed transaction_id=789
2026-04-18 14:33:30 WARNING User login successful user_id=123
2026-04-18 14:33:32 ERROR User login successful user_id=123
2026-04-18 14:33:34 ERROR Database connection failed db=orders
2026-04-18 14:33:36 INFO User login successful user_id=123
2026-04-18 14:33:38 ERROR User login successful user_id=123
2026-04-18 14:33:40 ERROR Payment failed transaction_id=789
2026-04-18 14:33:42 INFO Database connection failed db=orders
2026-04-18 14:33:44 ERROR Payment failed transaction_id=789
2026-04-18 14:33:46 INFO Database connection failed db=orders
2026-04-18 14:33:48 WARNING High memory usage detected service=auth
2026-04-18 14:33:50 ERROR User login successful user_id=123
2026-04-18 14:33:52 ERROR User login successful user_id=123
2026-04-18 14:33:54 INFO High memory usage detected service=auth
2026-04-18 14:33:56 INFO User login successful user_id=123
2026-04-18 14:33:58 INFO Database connection failed db=orders
2026-04-18 14:34:00 WARNING High memory usage detected service=auth
2026-04-18 14:34:02 INFO User login successful user_id=123
2026-04-18 14:34:04 INFO User login successful user_id=123
2026-04-18 14:34:06 INFO Database connection failed db=orders
2026-04-18 14:34:08 INFO High memory usage detected service=auth
2026-04-18 14:34:10 ERROR Timeout while calling payment API
2026-04-18 14:34:12 WARNING Payment failed transaction_id=789
2026-04-18 14:34:14 ERROR User login successful user_id=123
2026-04-18 14:34:16 INFO High memory usage detected service=auth
2026-04-18 14:34:18 WARNING Timeout while calling payment API
2026-04-18 14:34:20 ERROR Timeout while calling payment API
2026-04-18 14:34:22 ERROR Database connection failed db=orders
2026-04-18 14:34:24 ERROR Database connection failed db=orders
2026-04-18 14:34:26 WARNING High memory usage detected service=auth
2026-04-18 14:34:28 ERROR Payment failed transaction_id=789
2026-04-18 14:34:30 WARNING Payment failed transaction_id=789
2026-04-18 14:34:32 INFO Timeout while calling payment API
2026-04-18 14:34:34 INFO Database connection failed db=orders
2026-04-18 14:34:36 INFO Timeout while calling payment API
2026-04-18 14:34:38 INFO Timeout while calling payment API
2026-04-18 14:34:40 ERROR High memory usage detected service=auth
2026-04-18 14:34:42 INFO User login successful user_id=123
2026-04-18 14:34:44 INFO Timeout while calling payment API
2026-04-18 14:34:46 INFO Database connection failed db=orders
2026-04-18 14:34:48 ERROR User login successful user_id=123
2026-04-18 14:34:50 INFO Timeout while calling payment API
2026-04-18 14:34:52 WARNING Database connection failed db=orders
2026-04-18 14:34:54 INFO Timeout while calling payment API
2026-04-18 14:34:56 ERROR Timeout while calling payment API
2026-04-18 14:34:58 ERROR Timeout while calling payment API
2026-04-18 14:35:00 ERROR Timeout while calling payment API
2026-04-18 14:35:02 ERROR High memory usage detected service=auth
2026-04-18 14:35:04 WARNING Payment failed transaction_id=789
2026-04-18 14:35:06 WARNING Database connection failed db=orders
2026-04-18 14:35:08 ERROR User login successful user_id=123
2026-04-18 14:35:10 INFO Database connection failed db=orders
2026-04-18 14:35:12 INFO Database connection failed db=orders
2026-04-18 14:35:14 ERROR User login successful user_id=123
2026-04-18 14:35:16 ERROR Database connection failed db=orders
2026-04-18 14:35:18 WARNING High memory usage detected service=auth
2026-04-18 14:35:20 ERROR Payment failed transaction_id=789
2026-04-18 14:35:22 INFO Database connection failed db=orders
2026-04-18 14:35:24 ERROR Payment failed transaction_id=789
2026-04-18 14:35:26 ERROR User login successful user_id=123
2026-04-18 14:35:28 WARNING Payment failed transaction_id=789
2026-04-18 14:35:30 INFO User login successful user_id=123
2026-04-18 14:35:32 ERROR High memory usage detected service=auth
2026-04-18 14:35:34 INFO Payment failed transaction_id=789
2026-04-18 14:35:36 INFO High memory usage detected service=auth
2026-04-18 14:35:38 ERROR User login successful user_id=123
2026-04-18 14:35:40 WARNING High memory usage detected service=auth
2026-04-18 14:35:42 INFO High memory usage detected service=auth
2026-04-18 14:35:44 INFO Payment failed transaction_id=789
2026-04-18 14:35:46 INFO Database connection failed db=orders
2026-04-18 14:35:48 INFO High memory usage detected service=auth
2026-04-18 14:35:50 INFO User login successful user_id=123
2026-04-18 14:35:52 ERROR User login successful user_id=123
2026-04-18 14:35:54 INFO User login successful user_id=123
2026-04-18 14:35:56 WARNING Database connection failed db=orders
2026-04-18 14:35:58 INFO User login successful user_id=123
2026-04-18 14:36:00 WARNING High memory usage detected service=auth
2026-04-18 14:36:02 ERROR High memory usage detected service=auth
2026-04-18 14:36:04 INFO Timeout while calling payment API
2026-04-18 14:36:06 ERROR High memory usage detected service=auth
2026-04-18 14:36:08 INFO High memory usage detected service=auth
2026-04-18 14:36:10 WARNING Database connection failed db=orders
2026-04-18 14:36:12 WARNING High memory usage detected service=auth
2026-04-18 14:36:14 ERROR Database connection failed db=orders
2026-04-18 14:36:16 WARNING High memory usage detected service=auth
2026-04-18 14:36:18 INFO Database connection failed db=orders
2026-04-18 14:36:20 INFO High memory usage detected service=auth
2026-04-18 14:36:22 INFO Payment failed transaction_id=789
2026-04-18 14:36:24 WARNING Timeout while calling payment API
2026-04-18 14:36:26 WARNING Payment failed transaction_id=789
2026-04-18 14:36:28 WARNING Database connection failed db=orders
2026-04-18 14:36:30 INFO High memory usage detected service=auth
2026-04-18 14:36:32 ERROR User login successful user_id=123
2026-04-18 14:36:34 INFO Database connection failed db=orders
2026-04-18 14:36:36 WARNING Timeout while calling payment API
2026-04-18 14:36:38 ERROR High memory usage detected service=auth
2026-04-18 14:36:40 WARNING User login successful user_id=123
2026-04-18 14:36:42 ERROR Timeout while calling payment API
2026-04-18 14:36:44 INFO Database connection failed db=orders
2026-04-18 14:36:46 WARNING User login successful user_id=123
2026-04-18 14:36:48 INFO Payment failed transaction_id=789
2026-04-18 14:36:50 ERROR User login successful user_id=123
2026-04-18 14:36:52 WARNING Database connection failed db=orders
2026-04-18 14:36:54 INFO High memory usage detected service=auth
2026-04-18 14:36:56 INFO Payment failed transaction_id=789
2026-04-18 14:36:58 ERROR Timeout while calling payment API
2026-04-18 14:37:00 ERROR High memory usage detected service=auth
2026-04-18 14:37:02 INFO Payment failed transaction_id=789
2026-04-18 14:37:04 ERROR High memory usage detected service=auth
2026-04-18 14:37:06 ERROR High memory usage detected service=auth
2026-04-18 14:37:08 WARNING User login successful user_id=123
2026-04-18 14:37:10 ERROR Database connection failed db=orders
2026-04-18 14:37:12 INFO Payment failed transaction_id=789
2026-04-18 14:37:14 INFO Timeout while calling payment API
2026-04-18 14:37:16 WARNING Payment failed transaction_id=789
2026-04-18 14:37:18 WARNING User login successful user_id=123
2026-04-18 14:37:20 ERROR High memory usage detected service=auth
2026-04-18 14:37:22 INFO Payment failed transaction_id=789
2026-04-18 14:37:24 ERROR High memory usage detected service=auth
2026-04-18 14:37:26 WARNING Payment failed transaction_id=789
2026-04-18 14:37:28 WARNING Timeout while calling payment API
2026-04-18 14:37:30 WARNING Payment failed transaction_id=789
2026-04-18 14:37:32 ERROR Timeout while calling payment API
2026-04-18 14:37:34 INFO High memory usage detected service=auth
2026-04-18 14:37:36 INFO User login successful user_id=123
2026-04-18 14:37:38 ERROR Payment failed transaction_id=789
2026-04-18 14:37:40 INFO Timeout while calling payment API
2026-04-18 14:37:42 ERROR High memory usage detected service=auth
2026-04-18 14:37:44 ERROR High memory usage detected service=auth
2026-04-18 14:37:46 ERROR High memory usage detected service=auth
2026-04-18 14:37:48 INFO User login successful user_id=123
2026-04-18 14:37:50 WARNING Timeout while calling payment API
2026-04-18 14:37:52 WARNING Payment failed transaction_id=789
2026-04-18 14:37:54 INFO User login successful user_id=123
2026-04-18 14:37:56 INFO Payment failed transaction_id=789
2026-04-18 14:37:58 INFO User login successful user_id=123
2026-04-18 14:38:00 ERROR Database connection failed db=orders
2026-04-18 14:38:02 WARNING Timeout while calling payment API
2026-04-18 14:38:04 WARNING Payment failed transaction_id=789
2026-04-18 14:38:06 WARNING User login successful user_id=123
2026-04-18 14:38:08 WARNING User login successful user_id=123
2026-04-18 14:38:10 INFO Database connection failed db=orders
2026-04-18 14:38:12 INFO User login successful user_id=123
2026-04-18 14:38:14 INFO User login successful user_id=123
2026-04-18 14:38:16 WARNING High memory usage detected service=auth
2026-04-18 14:38:18 WARNING Timeout while calling payment API
2026-04-18 14:38:20 WARNING User login successful user_id=123
2026-04-18 14:38:22 ERROR Payment failed transaction_id=789
2026-04-18 14:38:24 WARNING High memory usage detected service=auth
2026-04-18 14:38:26 WARNING High memory usage detected service=auth
2026-04-18 14:38:28 ERROR User login successful user_id=123
2026-04-18 14:38:30 WARNING Payment failed transaction_id=789
2026-04-18 14:38:32 INFO User login successful user_id=123
2026-04-18 14:38:34 ERROR Timeout while calling payment API
2026-04-18 14:38:36 INFO User login successful user_id=123
2026-04-18 14:38:38 INFO User login successful user_id=123
2026-04-18 14:38:40 WARNING High memory usage detected service=auth
2026-04-18 14:38:42 INFO User login successful user_id=123
2026-04-18 14:38:44 WARNING Payment failed transaction_id=789
2026-04-18 14:38:46 INFO Database connection failed db=orders
2026-04-18 14:38:48 WARNING User login successful user_id=123
2026-04-18 14:38:50 INFO User login successful user_id=123
2026-04-18 14:38:52 WARNING Payment failed transaction_id=789
2026-04-18 14:38:54 WARNING Database connection failed db=orders
2026-04-18 14:38:56 ERROR Database connection failed db=orders
2026-04-18 14:38:58 ERROR Database connection failed db=orders
2026-04-18 14:39:00 ERROR Payment failed transaction_id=789
2026-04-18 14:39:02 INFO User login successful user_id=123
2026-04-18 14:39:04 INFO Database connection failed db=orders
2026-04-18 14:39:06 WARNING User login successful user_id=123
2026-04-18 14:39:08 ERROR Timeout while calling payment API
2026-04-18 14:39:10 ERROR Payment failed transaction_id=789
2026-04-18 14:39:12 WARNING User login successful user_id=123
2026-04-18 14:39:14 ERROR Payment failed transaction_id=789
2026-04-18 14:39:16 ERROR Timeout while calling payment API
2026-04-18 14:39:18 ERROR Payment failed transaction_id=789
2026-04-18 14:39:20 INFO User login successful user_id=123
2026-04-18 14:39:22 WARNING User login successful user_id=123
2026-04-18 14:39:24 WARNING Database connection failed db=orders
2026-04-18 14:39:26 WARNING High memory usage detected service=auth
2026-04-18 14:39:28 INFO User login successful user_id=123
2026-04-18 14:39:30 ERROR User login successful user_id=123
2026-04-18 14:39:32 WARNING Payment failed transaction_id=789
2026-04-18 14:39:34 INFO Database connection failed db=orders
2026-04-18 14:39:36 WARNING User login successful user_id=123
2026-04-18 14:39:38 WARNING High memory usage detected service=auth
2026-04-18 14:39:40 INFO Database connection failed db=orders
2026-04-18 14:39:42 ERROR User login successful user_id=123
2026-04-18 14:39:44 INFO User login successful user_id=123
2026-04-18 14:39:46 ERROR High memory usage detected service=auth
2026-04-18 14:39:48 ERROR High memory usage detected service=auth
2026-04-18 14:39:50 ERROR High memory usage detected service=auth
2026-04-18 14:39:52 INFO Timeout while calling payment API
2026-04-18 14:39:54 WARNING Timeout while calling payment API
2026-04-18 14:39:56 ERROR Database connection failed db=orders
2026-04-18 14:39:58 WARNING Payment failed transaction_id=789
2026-04-18 14:40:00 WARNING Database connection failed db=orders
2026-04-18 14:40:02 WARNING High memory usage detected service=auth
2026-04-18 14:40:04 INFO Payment failed transaction_id=789
2026-04-18 14:40:06 ERROR User login successful user_id=123
2026-04-18 14:40:08 WARNING High memory usage detected service=auth
2026-04-18 14:40:10 ERROR Payment failed transaction_id=789
2026-04-18 14:40:12 WARNING Payment failed transaction_id=789
2026-04-18 14:40:14 ERROR User login successful user_id=123
2026-04-18 14:40:16 ERROR Database connection failed db=orders
2026-04-18 14:40:18 INFO High memory usage detected service=auth
2026-04-18 14:40:20 INFO Payment failed transaction_id=789
2026-04-18 14:40:22 INFO User login successful user_id=123
2026-04-18 14:40:24 INFO High memory usage detected service=auth
2026-04-18 14:40:26 INFO Database connection failed db=orders
2026-04-18 14:40:28 ERROR Payment failed transaction_id=789
2026-04-18 14:40:30 ERROR User login successful user_id=123
2026-04-18 14:40:32 ERROR Timeout while calling payment API
2026-04-18 14:40:34 INFO Payment failed transaction_id=789
2026-04-18 14:40:36 INFO High memory usage detected service=auth
2026-04-18 14:40:38 INFO High memory usage detected service=auth
2026-04-18 14:40:40 WARNING User login successful user_id=123
2026-04-18 14:40:42 INFO Timeout while calling payment API
2026-04-18 14:40:44 INFO Database connection failed db=orders
2026-04-18 14:40:47 WARNING Timeout while calling payment API
2026-04-18 14:40:49 ERROR Database connection failed db=orders
2026-04-18 14:40:51 WARNING Timeout while calling payment API
2026-04-18 14:40:53 WARNING High memory usage detected service=auth
2026-04-18 14:40:55 WARNING Database connection failed db=orders
2026-04-18 14:40:57 ERROR Timeout while calling payment API
2026-04-18 14:40:59 WARNING High memory usage detected service=auth
2026-04-18 14:41:01 INFO High memory usage detected service=auth
2026-04-18 14:41:03 INFO Timeout while calling payment API
2026-04-18 14:41:05 WARNING High memory usage detected service=auth
2026-04-18 14:41:07 ERROR Timeout while calling payment API
2026-04-18 14:41:09 ERROR Database connection failed db=orders
2026-04-18 14:41:11 INFO High memory usage detected service=auth
2026-04-18 14:41:13 WARNING High memory usage detected service=auth
2026-04-18 14:41:15 WARNING Payment failed transaction_id=789
2026-04-18 14:41:17 ERROR Payment failed transaction_id=789
2026-04-18 14:41:19 WARNING Database connection failed db=orders
2026-04-18 14:41:21 ERROR Payment failed transaction_id=789
2026-04-18 14:41:23 ERROR Timeout while calling payment API
2026-04-18 14:41:25 INFO Payment failed transaction_id=789
2026-04-18 14:41:27 WARNING Database connection failed db=orders
2026-04-18 14:41:29 ERROR User login successful user_id=123
2026-04-18 14:41:31 WARNING Payment failed transaction_id=789
2026-04-18 14:41:33 INFO Database connection failed db=orders
2026-04-18 14:41:35 INFO Database connection failed db=orders
2026-04-18 14:41:37 INFO Timeout while calling payment API
2026-04-18 14:41:39 ERROR High memory usage detected service=auth
2026-04-18 14:41:41 WARNING High memory usage detected service=auth
2026-04-18 14:41:43 ERROR Database connection failed db=orders
2026-04-18 14:41:45 ERROR Payment failed transaction_id=789
2026-04-18 14:41:47 ERROR Database connection failed db=orders
2026-04-18 14:41:49 ERROR High memory usage detected service=auth
2026-04-18 14:41:51 INFO Payment failed transaction_id=789
2026-04-18 14:41:53 INFO Payment failed transaction_id=789
2026-04-18 14:41:55 ERROR Timeout while calling payment API
2026-04-18 14:41:57 WARNING High memory usage detected service=auth
2026-04-18 14:41:59 INFO Database connection failed db=orders
2026-04-18 14:42:01 WARNING Payment failed transaction_id=789
2026-04-18 14:42:03 WARNING High memory usage detected service=auth
2026-04-18 14:42:05 ERROR Database connection failed db=orders
2026-04-18 14:42:07 ERROR High memory usage detected service=auth
2026-04-18 14:42:09 INFO Payment failed transaction_id=789
2026-04-18 14:42:11 INFO Database connection failed db=orders
2026-04-18 14:42:13 INFO User login successful user_id=123
2026-04-18 14:42:15 ERROR User login successful user_id=123
2026-04-18 14:42:17 INFO Timeout while calling payment API
2026-04-18 14:42:19 ERROR Database connection failed db=orders
2026-04-18 14:42:21 WARNING Timeout while calling payment API
2026-04-18 14:42:23 ERROR High memory usage detected service=auth
2026-04-18 14:42:25 INFO Database connection failed db=orders
2026-04-18 14:42:27 INFO Database connection failed db=orders
2026-04-18 14:42:29 INFO High memory usage detected service=auth
2026-04-18 14:42:31 INFO Database connection failed db=orders
2026-04-18 14:42:33 INFO Payment failed transaction_id=789
2026-04-18 14:42:35 INFO Timeout while calling payment API
2026-04-18 14:42:37 ERROR Database connection failed db=orders
2026-04-18 14:42:39 WARNING User login successful user_id=123
2026-04-18 14:42:41 WARNING Timeout while calling payment API
2026-04-18 14:42:43 INFO Payment failed transaction_id=789
2026-04-18 14:42:45 WARNING User login successful user_id=123
2026-04-18 14:42:47 WARNING High memory usage detected service=auth
2026-04-18 14:42:49 ERROR User login successful user_id=123
2026-04-18 14:45:12 ERROR High memory usage detected service=auth
2026-04-18 14:45:14 WARNING User login successful user_id=123
2026-04-18 14:45:16 WARNING User login successful user_id=123
2026-04-18 14:46:45 ERROR Payment failed transaction_id=789
2026-04-18 14:46:47 INFO Database connection failed db=orders
2026-04-18 14:46:49 ERROR Payment failed transaction_id=789
2026-04-18 14:46:51 INFO High memory usage detected service=auth
2026-04-18 14:46:53 INFO User login successful user_id=123
2026-04-18 14:46:55 INFO Database connection failed db=orders
2026-04-18 14:46:57 WARNING Database connection failed db=orders
2026-04-18 14:46:59 ERROR User login successful user_id=123
2026-04-18 14:47:01 INFO Timeout while calling payment API
2026-04-18 14:47:03 ERROR Timeout while calling payment API
2026-04-18 14:47:05 INFO User login successful user_id=123
2026-04-18 14:47:07 INFO High memory usage detected service=auth
2026-04-18 14:47:09 WARNING Payment failed transaction_id=789
2026-04-18 14:47:11 INFO Timeout while calling payment API
2026-04-18 14:47:13 ERROR Database connection failed db=orders
2026-04-18 14:47:15 INFO High memory usage detected service=auth
2026-04-18 14:47:17 ERROR Database connection failed db=orders
2026-04-18 14:47:19 WARNING Payment failed transaction_id=789
2026-04-18 14:47:21 WARNING Payment failed transaction_id=789
2026-04-18 14:47:23 INFO User login successful user_id=123
2026-04-18 14:47:25 ERROR Payment failed transaction_id=789
2026-04-18 14:47:27 ERROR Timeout while calling payment API
2026-04-18 14:47:29 ERROR User login successful user_id=123
2026-04-18 14:47:31 INFO Timeout while calling payment API
2026-04-18 14:47:33 ERROR High memory usage detected service=auth
2026-04-18 14:47:35 INFO High memory usage detected service=auth
2026-04-18 14:47:37 WARNING Database connection failed db=orders
2026-04-18 14:47:39 ERROR High memory usage detected service=auth
2026-04-18 14:47:41 WARNING User login successful user_id=123
2026-04-18 14:47:43 ERROR User login successful user_id=123
2026-04-18 14:47:45 INFO User login successful user_id=123
2026-04-18 14:47:47 WARNING User login successful user_id=123
2026-04-18 14:47:49 ERROR User login successful user_id=123
2026-04-18 14:47:51 ERROR Database connection failed db=orders
2026-04-18 14:47:54 ERROR Database connection failed db=orders
2026-04-18 14:47:56 INFO User login successful user_id=123
2026-04-18 14:47:58 INFO Order placed order_id=567
2026-04-18 14:48:00 INFO User logout user_id=123
2026-04-18 14:48:02 INFO Order placed order_id=567
2026-04-18 14:48:04 ERROR Database connection failed db=orders
2026-04-18 14:48:06 INFO User login successful user_id=123
2026-04-18 14:48:08 INFO User login successful user_id=123
2026-04-18 14:48:10 ERROR Payment failed transaction_id=789
2026-04-18 14:48:12 ERROR Database connection failed db=orders
2026-04-18 14:48:14 ERROR Database connection failed db=orders
2026-04-18 14:48:16 INFO Order placed order_id=567
2026-04-18 14:48:18 INFO User logout user_id=123
2026-04-18 14:48:20 INFO User login successful user_id=123
2026-04-18 14:48:22 ERROR Database connection failed db=orders
2026-04-18 14:48:24 ERROR Database connection failed db=orders
2026-04-18 14:48:26 INFO User login successful user_id=123
2026-04-18 14:48:28 INFO User logout user_id=123
2026-04-18 14:48:30 WARNING High memory usage detected service=auth
2026-04-18 14:48:32 ERROR Database connection failed db=orders
2026-04-18 14:48:34 ERROR Timeout while calling payment API
2026-04-18 14:48:36 WARNING High memory usage detected service=auth
2026-04-18 14:48:38 INFO User logout user_id=123
2026-04-18 14:48:40 INFO User logout user_id=123
2026-04-18 14:48:42 ERROR Database connection failed db=orders
2026-04-18 14:48:44 WARNING High memory usage detected service=auth
2026-04-18 14:48:46 INFO User logout user_id=123
2026-04-18 14:48:48 INFO User login successful user_id=123
2026-04-18 14:48:50 ERROR Database connection failed db=orders
2026-04-18 14:48:52 INFO User login successful user_id=123
2026-04-18 14:48:54 INFO User logout user_id=123
2026-04-18 14:48:56 INFO User logout user_id=123
2026-04-18 14:48:58 WARNING High memory usage detected service=auth
2026-04-18 14:49:00 WARNING High memory usage detected service=auth
2026-04-18 14:49:02 WARNING High memory usage detected service=auth
2026-04-18 14:49:04 INFO User login successful user_id=123
2026-04-18 14:49:06 WARNING Disk usage high server=prod-1
2026-04-18 14:49:08 INFO Order placed order_id=567
2026-04-18 14:49:10 WARNING Disk usage high server=prod-1
2026-04-18 14:49:12 INFO User login successful user_id=123
2026-04-18 14:49:14 INFO User login successful user_id=123
2026-04-18 14:49:16 WARNING High memory usage detected service=auth
2026-04-18 14:49:18 ERROR Timeout while calling payment API
2026-04-18 14:49:20 WARNING Disk usage high server=prod-1
2026-04-18 14:49:22 WARNING Disk usage high server=prod-1
2026-04-18 14:49:24 ERROR Timeout while calling payment API
2026-04-18 14:49:26 ERROR Database connection failed db=orders
2026-04-18 14:49:28 INFO User login successful user_id=123
2026-04-18 14:49:30 INFO User login successful user_id=123
2026-04-18 14:49:32 WARNING Disk usage high server=prod-1
2026-04-18 14:49:34 WARNING High memory usage detected service=auth
2026-04-18 14:49:36 INFO User logout user_id=123
2026-04-18 14:49:38 INFO User login successful user_id=123
2026-04-18 14:49:40 INFO User logout user_id=123
2026-04-18 14:49:42 ERROR Payment failed transaction_id=789
2026-04-18 14:49:44 WARNING High memory usage detected service=auth
2026-04-18 14:49:46 ERROR Timeout while calling payment API
2026-04-18 14:49:48 ERROR Payment failed transaction_id=789
2026-04-18 14:49:50 ERROR Timeout while calling payment API
2026-04-18 14:49:52 INFO User logout user_id=123
2026-04-18 14:49:54 INFO User logout user_id=123
2026-04-18 14:49:56 INFO User logout user_id=123
2026-04-18 14:49:58 ERROR Database connection failed db=orders
2026-04-18 14:50:00 WARNING High memory usage detected service=auth
2026-04-18 14:50:02 WARNING High memory usage detected service=auth
2026-04-18 14:50:04 INFO Order placed order_id=567
2026-04-18 14:50:06 ERROR Payment failed transaction_id=789
2026-04-18 14:50:08 ERROR Database connection failed db=orders
2026-04-18 14:50:10 ERROR Database connection failed db=orders
2026-04-18 14:50:12 ERROR Database connection failed db=orders
2026-04-18 14:50:14 WARNING High memory usage detected service=auth
2026-04-18 14:50:16 WARNING Disk usage high server=prod-1
2026-04-18 14:50:18 INFO User login successful user_id=123
2026-04-18 14:50:20 WARNING High memory usage detected service=auth
2026-04-18 14:50:22 ERROR Database connection failed db=orders
2026-04-18 14:50:24 INFO User login successful user_id=123
2026-04-18 14:50:26 INFO User login successful user_id=123
2026-04-18 14:50:28 INFO Order placed order_id=567
2026-04-18 14:50:30 INFO User login successful user_id=123
2026-04-18 14:50:32 INFO User logout user_id=123
2026-04-18 14:50:34 INFO Order placed order_id=567
2026-04-18 14:50:36 INFO Order placed order_id=567
2026-04-18 14:50:38 WARNING High memory usage detected service=auth
2026-04-18 14:50:40 ERROR Payment failed transaction_id=789
2026-04-18 14:50:42 INFO User logout user_id=123
2026-04-18 14:50:44 ERROR Payment failed transaction_id=789
2026-04-18 14:50:46 ERROR Database connection failed db=orders
2026-04-18 14:50:48 ERROR Timeout while calling payment API
2026-04-18 14:50:50 ERROR Timeout while calling payment API
2026-04-18 14:50:52 ERROR Database connection failed db=orders
2026-04-18 14:50:54 INFO Order placed order_id=567
2026-04-18 14:50:56 ERROR Timeout while calling payment API
2026-04-18 14:50:58 WARNING Disk usage high server=prod-1
2026-04-18 14:51:00 ERROR Payment failed transaction_id=789
2026-04-18 14:51:02 ERROR Timeout while calling payment API
2026-04-18 14:51:04 WARNING High memory usage detected service=auth
2026-04-18 14:51:06 ERROR Timeout while calling payment API
2026-04-18 14:51:08 ERROR Timeout while calling payment API
2026-04-18 14:51:10 WARNING Disk usage high server=prod-1
2026-04-18 14:51:12 ERROR Database connection failed db=orders
2026-04-18 14:51:14 ERROR Payment failed transaction_id=789
2026-04-18 14:51:16 WARNING High memory usage detected service=auth
2026-04-18 14:51:18 ERROR Payment failed transaction_id=789
2026-04-18 14:51:20 WARNING High memory usage detected service=auth
2026-04-18 14:51:22 ERROR Timeout while calling payment API
2026-04-18 14:51:24 INFO Order placed order_id=567
2026-04-18 14:51:26 WARNING Disk usage high server=prod-1
2026-04-18 14:51:28 ERROR Payment failed transaction_id=789
2026-04-18 14:51:30 INFO User logout user_id=123
2026-04-18 14:51:32 WARNING Disk usage high server=prod-1
2026-04-18 14:51:34 INFO User logout user_id=123
2026-04-18 14:51:36 WARNING High memory usage detected service=auth
2026-04-18 14:51:39 ERROR Database connection failed db=orders
2026-04-18 14:51:41 INFO Order placed order_id=567
2026-04-18 14:51:43 ERROR Payment failed transaction_id=789
2026-04-18 14:51:45 WARNING High memory usage detected service=auth
2026-04-18 14:51:47 ERROR Payment failed transaction_id=789
2026-04-18 14:51:49 ERROR Timeout while calling payment API
2026-04-18 14:51:51 WARNING Disk usage high server=prod-1
2026-04-18 14:51:53 INFO User logout user_id=123
2026-04-18 14:51:55 ERROR Payment failed transaction_id=789
2026-04-18 14:51:57 INFO Order placed order_id=567
2026-04-18 14:51:59 INFO User login successful user_id=123
2026-04-18 14:52:01 ERROR Payment failed transaction_id=789
2026-04-18 14:52:03 WARNING Disk usage high server=prod-1
2026-04-18 14:52:05 WARNING Disk usage high server=prod-1
2026-04-18 14:52:07 ERROR Timeout while calling payment API
2026-04-18 14:52:09 ERROR Database connection failed db=orders
2026-04-18 14:52:11 ERROR Database connection failed db=orders
2026-04-18 14:52:13 ERROR Payment failed transaction_id=789
2026-04-18 14:52:15 INFO Order placed order_id=567
2026-04-18 14:52:17 WARNING High memory usage detected service=auth
2026-04-18 14:52:19 INFO Order placed order_id=567
2026-04-18 14:52:21 INFO User logout user_id=123
2026-04-18 14:52:23 WARNING High memory usage detected service=auth
2026-04-18 14:52:25 WARNING Disk usage high server=prod-1
2026-04-18 14:52:27 INFO User login successful user_id=123
2026-04-18 14:52:29 ERROR Payment failed transaction_id=789
2026-04-18 14:52:31 WARNING Disk usage high server=prod-1
2026-04-18 14:52:33 ERROR Database connection failed db=orders
2026-04-18 14:52:35 ERROR Timeout while calling payment API
2026-04-18 14:52:37 ERROR Timeout while calling payment API
2026-04-18 14:52:39 INFO User logout user_id=123
2026-04-18 14:52:41 WARNING High memory usage detected service=auth
2026-04-18 14:52:43 ERROR Payment failed transaction_id=789
2026-04-18 14:52:45 INFO User login successful user_id=123
2026-04-18 14:52:47 ERROR Timeout while calling payment API
2026-04-18 14:52:49 INFO User login successful user_id=123
2026-04-18 14:52:51 INFO User logout user_id=123
2026-04-18 14:52:53 ERROR Payment failed transaction_id=789
2026-04-18 14:52:55 INFO Order placed order_id=567
2026-04-18 14:52:57 INFO User login successful user_id=123
2026-04-18 14:52:59 ERROR Database connection failed db=orders
2026-04-18 14:53:01 INFO Order placed order_id=567
2026-04-18 14:53:03 INFO User login successful user_id=123
2026-04-18 14:53:05 WARNING High memory usage detected service=auth
2026-04-18 14:53:07 ERROR Database connection failed db=orders
2026-04-18 14:53:09 WARNING Disk usage high server=prod-1
2026-04-18 14:53:11 ERROR Payment failed transaction_id=789
2026-04-18 14:53:13 ERROR Timeout while calling payment API
2026-04-18 14:53:15 ERROR Database connection failed db=orders
2026-04-18 14:53:17 INFO User login successful user_id=123
2026-04-18 14:53:19 ERROR Database connection failed db=orders
2026-04-18 14:53:21 INFO Order placed order_id=567
2026-04-18 14:53:23 WARNING High memory usage detected service=auth
2026-04-18 14:53:25 INFO User login successful user_id=123
2026-04-18 14:53:27 WARNING Disk usage high server=prod-1
2026-04-18 14:53:29 WARNING Disk usage high server=prod-1
2026-04-18 14:53:31 ERROR Database connection failed db=orders
2026-04-18 14:53:33 ERROR Database connection failed db=orders
2026-04-18 14:53:35 INFO User login successful user_id=123
2026-04-18 14:53:37 WARNING High memory usage detected service=auth
2026-04-18 14:53:39 WARNING High memory usage detected service=auth
2026-04-18 14:53:41 INFO Order placed order_id=567
2026-04-18 14:53:43 INFO User logout user_id=123
2026-04-18 14:53:45 WARNING Disk usage high server=prod-1
2026-04-18 14:53:47 INFO User login successful user_id=123
2026-04-18 14:53:49 INFO User logout user_id=123
2026-04-18 14:53:51 INFO Order placed order_id=567
2026-04-18 14:53:53 INFO User logout user_id=123
2026-04-18 14:53:55 INFO User logout user_id=123
2026-04-18 14:53:57 INFO Order placed order_id=567
2026-04-18 14:53:59 ERROR Payment failed transaction_id=789
2026-04-18 14:54:01 WARNING High memory usage detected service=auth
2026-04-18 14:54:03 WARNING Disk usage high server=prod-1
2026-04-18 14:54:05 ERROR Database connection failed db=orders
2026-04-18 14:54:07 INFO User login successful user_id=123
2026-04-18 14:54:09 INFO Order placed order_id=567
2026-04-18 14:54:11 ERROR Timeout while calling payment API
2026-04-18 14:54:13 WARNING High memory usage detected service=auth
2026-04-18 14:54:15 ERROR Timeout while calling payment API
2026-04-18 14:54:17 INFO User login successful user_id=123
2026-04-18 14:54:19 INFO User logout user_id=123
2026-04-18 14:54:21 INFO Order placed order_id=567
2026-04-18 14:54:23 WARNING High memory usage detected service=auth
2026-04-18 14:54:25 WARNING Disk usage high server=prod-1
2026-04-18 14:54:27 INFO Order placed order_id=567
2026-04-18 14:56:45 INFO User login successful user_id=123
2026-04-18 14:56:48 INFO User logout user_id=123
2026-04-18 14:56:50 ERROR Payment failed transaction_id=789
2026-04-18 14:56:52 INFO User login successful user_id=123
2026-04-18 14:56:54 ERROR Payment failed transaction_id=789
2026-04-18 14:56:56 INFO Order placed order_id=567
2026-04-18 14:56:58 ERROR Database connection failed db=orders
2026-04-18 14:57:00 ERROR Database connection failed db=orders
2026-04-18 14:57:02 INFO Order placed order_id=567
2026-04-18 14:57:04 INFO User logout user_id=123
2026-04-18 14:57:06 ERROR Timeout while calling payment API
2026-04-18 14:57:08 ERROR Database connection failed db=orders
2026-04-18 14:57:10 ERROR Timeout while calling payment API
2026-04-18 14:57:12 ERROR Payment failed transaction_id=789
2026-04-18 14:57:14 WARNING Disk usage high server=prod-1
2026-04-18 14:57:16 INFO Order placed order_id=567
2026-04-18 14:57:18 INFO Order placed order_id=567
2026-04-18 14:57:20 INFO User login successful user_id=123
2026-04-18 14:57:22 INFO User login successful user_id=123
2026-04-18 14:57:24 WARNING High memory usage detected service=auth
2026-04-18 14:57:26 INFO Order placed order_id=567
2026-04-18 14:57:28 INFO Order placed order_id=567
2026-04-18 14:57:30 WARNING Disk usage high server=prod-1
2026-04-18 14:57:32 INFO Order placed order_id=567
2026-04-18 14:57:34 INFO User logout user_id=123
2026-04-18 14:57:36 WARNING High memory usage detected service=auth
2026-04-18 14:57:38 WARNING Disk usage high server=prod-1
2026-04-18 14:57:40 INFO Order placed order_id=567
2026-04-18 14:57:42 INFO User logout user_id=123
2026-04-18 14:57:44 ERROR Database connection failed db=orders
2026-04-18 14:57:46 ERROR Database connection failed db=orders
2026-04-18 14:57:48 INFO Order placed order_id=567
2026-04-18 14:57:50 INFO Order placed order_id=567
2026-04-18 14:57:52 ERROR Timeout while calling payment API
2026-04-18 14:57:54 ERROR Payment failed transaction_id=789
2026-04-18 14:57:56 WARNING High memory usage detected service=auth
2026-04-18 14:57:58 INFO User logout user_id=123
2026-04-18 14:58:00 INFO User login successful user_id=123
2026-04-18 14:58:02 ERROR Payment failed transaction_id=789
2026-04-18 14:58:04 INFO User logout user_id=123
2026-04-18 14:58:06 ERROR Database connection failed db=orders
2026-04-18 14:58:08 INFO User logout user_id=123
2026-04-18 14:58:10 ERROR Payment failed transaction_id=789
2026-04-18 14:58:12 ERROR Payment failed transaction_id=789
2026-04-18 14:58:14 INFO User login successful user_id=123
2026-04-18 14:58:16 INFO User logout user_id=123
2026-04-18 14:58:18 ERROR Timeout while calling payment API
2026-04-18 14:58:20 INFO User logout user_id=123
2026-04-18 14:58:22 WARNING Disk usage high server=prod-1
2026-04-18 14:58:24 INFO Order placed order_id=567
2026-04-18 14:58:26 WARNING Disk usage high server=prod-1
2026-04-18 14:58:28 WARNING Disk usage high server=prod-1
2026-04-18 14:58:30 ERROR Timeout while calling payment API
2026-04-18 14:58:32 WARNING High memory usage detected service=auth
2026-04-18 14:58:34 ERROR Database connection failed db=orders
2026-04-18 14:58:36 INFO User login successful user_id=123
2026-04-18 14:58:38 INFO User logout user_id=123
2026-04-18 14:58:40 WARNING Disk usage high server=prod-1
2026-04-18 14:58:42 ERROR Database connection failed db=orders
2026-04-18 14:58:44 WARNING Disk usage high server=prod-1
2026-04-18 14:58:46 ERROR Payment failed transaction_id=789
2026-04-18 14:58:48 WARNING High memory usage detected service=auth
2026-04-18 14:58:50 WARNING High memory usage detected service=auth
2026-04-18 14:58:52 ERROR Payment failed transaction_id=789
2026-04-18 14:58:54 WARNING High memory usage detected service=auth
2026-04-18 14:58:56 ERROR Database connection failed db=orders
2026-04-18 14:58:58 INFO Order placed order_id=567
2026-04-18 14:59:00 INFO User logout user_id=123
2026-04-18 14:59:02 ERROR Timeout while calling payment API
2026-04-18 14:59:04 ERROR Payment failed transaction_id=789
2026-04-18 14:59:06 WARNING Disk usage high server=prod-1
2026-04-18 14:59:08 ERROR Timeout while calling payment API
2026-04-18 14:59:10 INFO Order placed order_id=567
2026-04-18 14:59:12 ERROR Payment failed transaction_id=789
2026-04-18 14:59:14 WARNING High memory usage detected service=auth
2026-04-18 14:59:16 INFO User logout user_id=123
2026-04-18 14:59:18 WARNING High memory usage detected service=auth
2026-04-18 14:59:20 WARNING Disk usage high server=prod-1
2026-04-18 14:59:22 ERROR Payment failed transaction_id=789
2026-04-18 14:59:24 WARNING High memory usage detected service=auth
2026-04-18 14:59:26 INFO User logout user_id=123
2026-04-18 14:59:28 INFO User login successful user_id=123
2026-04-18 14:59:30 INFO User logout user_id=123
2026-04-18 14:59:32 ERROR Payment failed transaction_id=789
2026-04-18 14:59:34 INFO User login successful user_id=123
2026-04-18 14:59:36 WARNING Disk usage high server=prod-1
2026-04-18 14:59:38 WARNING High memory usage detected service=auth
2026-04-18 14:59:40 WARNING High memory usage detected service=auth
2026-04-18 14:59:42 INFO User logout user_id=123
2026-04-18 14:59:44 WARNING Disk usage high server=prod-1
2026-04-18 14:59:46 WARNING Disk usage high server=prod-1
2026-04-18 14:59:48 INFO User logout user_id=123
2026-04-18 14:59:50 ERROR Payment failed transaction_id=789
2026-04-18 14:59:52 WARNING Disk usage high server=prod-1
2026-04-18 14:59:54 INFO Order placed order_id=567
2026-04-18 14:59:56 WARNING Disk usage high server=prod-1
2026-04-18 14:59:58 INFO User login successful user_id=123
2026-04-18 15:00:00 WARNING Disk usage high server=prod-1
2026-04-18 15:00:02 WARNING Disk usage high server=prod-1
2026-04-18 15:00:04 ERROR Timeout while calling payment API
2026-04-18 15:00:06 INFO User logout user_id=123
2026-04-18 15:00:08 WARNING High memory usage detected service=auth
2026-04-18 15:00:10 ERROR Database connection failed db=orders
2026-04-18 15:00:12 INFO User logout user_id=123
2026-04-18 15:00:14 ERROR Database connection failed db=orders
2026-04-18 15:00:16 ERROR Payment failed transaction_id=789
2026-04-18 15:00:18 ERROR Timeout while calling payment API
2026-04-18 15:00:20 WARNING Disk usage high server=prod-1
2026-04-18 15:00:22 ERROR Timeout while calling payment API
2026-04-18 15:00:24 WARNING Disk usage high server=prod-1
2026-04-18 15:00:26 ERROR Database connection failed db=orders
2026-04-18 15:00:28 WARNING High memory usage detected service=auth
2026-04-18 15:00:30 ERROR Database connection failed db=orders
2026-04-18 15:00:32 ERROR Payment failed transaction_id=789
2026-04-18 15:00:34 WARNING Disk usage high server=prod-1
2026-04-18 15:00:36 ERROR Database connection failed db=orders
2026-04-18 15:00:38 INFO User login successful user_id=123
2026-04-18 15:00:40 ERROR Payment failed transaction_id=789
2026-04-18 15:00:42 ERROR Database connection failed db=orders
2026-04-18 15:00:44 WARNING Disk usage high server=prod-1
2026-04-18 15:00:46 INFO User login successful user_id=123
2026-04-18 15:00:48 ERROR Payment failed transaction_id=789
2026-04-18 15:00:50 ERROR Timeout while calling payment API
2026-04-18 15:00:52 INFO User login successful user_id=123
2026-04-18 15:00:54 INFO User login successful user_id=123
2026-04-18 15:00:56 INFO User logout user_id=123
2026-04-18 15:00:58 WARNING Disk usage high server=prod-1
2026-04-18 15:01:00 WARNING High memory usage detected service=auth
2026-04-18 15:01:02 ERROR Database connection failed db=orders
2026-04-18 15:01:04 ERROR Database connection failed db=orders
2026-04-18 15:01:06 WARNING Disk usage high server=prod-1
2026-04-18 15:01:08 WARNING Disk usage high server=prod-1
2026-04-18 15:01:10 INFO Order placed order_id=567
2026-04-18 15:01:12 ERROR Timeout while calling payment API
2026-04-18 15:01:14 INFO User login successful user_id=123
2026-04-18 15:01:16 WARNING Disk usage high server=prod-1
2026-04-18 15:01:18 INFO Order placed order_id=567
2026-04-18 15:01:20 ERROR Timeout while calling payment API
2026-04-18 15:01:22 ERROR Payment failed transaction_id=789
2026-04-18 15:01:24 ERROR Timeout while calling payment API
2026-04-18 15:01:26 ERROR Payment failed transaction_id=789
2026-04-18 15:01:28 ERROR Payment failed transaction_id=789
2026-04-18 15:01:30 ERROR Payment failed transaction_id=789
2026-04-18 15:01:32 INFO User login successful user_id=123
2026-04-18 15:01:34 INFO User login successful user_id=123
2026-04-18 15:01:36 ERROR Database connection failed db=orders
2026-04-18 15:01:38 INFO User login successful user_id=123
2026-04-18 15:01:40 INFO User login successful user_id=123
2026-04-18 15:01:42 WARNING High memory usage detected service=auth
2026-04-18 15:01:44 INFO User login successful user_id=123
2026-04-18 15:01:46 ERROR Timeout while calling payment API
2026-04-18 15:01:48 WARNING High memory usage detected service=auth
2026-04-18 15:01:50 INFO Order placed order_id=567
2026-04-18 15:01:52 ERROR Database connection failed db=orders
2026-04-18 15:01:54 ERROR Timeout while calling payment API
2026-04-18 15:01:56 ERROR Database connection failed db=orders
2026-04-18 15:01:58 INFO Order placed order_id=567
2026-04-18 15:02:00 ERROR Payment failed transaction_id=789
2026-04-18 15:02:02 ERROR Payment failed transaction_id=789
2026-04-18 15:02:04 ERROR Payment failed transaction_id=789
2026-04-18 15:02:06 ERROR Payment failed transaction_id=789
2026-04-18 15:02:08 INFO User login successful user_id=123
2026-04-18 15:02:10 ERROR Payment failed transaction_id=789
2026-04-18 15:02:12 INFO User logout user_id=123
2026-04-18 15:02:14 ERROR Database connection failed db=orders
2026-04-18 15:02:16 WARNING High memory usage detected service=auth
2026-04-18 15:02:18 ERROR Timeout while calling payment API
2026-04-18 15:02:20 INFO Order placed order_id=567
2026-04-18 15:02:22 INFO User logout user_id=123
2026-04-18 15:02:24 INFO Order placed order_id=567
2026-04-18 15:02:26 ERROR Payment failed transaction_id=789
2026-04-18 15:02:28 INFO User logout user_id=123
2026-04-18 15:02:30 INFO User login successful user_id=123
2026-04-18 15:02:32 ERROR Payment failed transaction_id=789
2026-04-18 15:02:34 INFO User login successful user_id=123
2026-04-18 15:02:36 ERROR Payment failed transaction_id=789
2026-04-18 15:02:38 INFO User login successful user_id=123
2026-04-18 15:02:40 ERROR Payment failed transaction_id=789
2026-04-18 15:02:42 INFO User login successful user_id=123
2026-04-18 15:02:44 INFO User login successful user_id=123
2026-04-18 15:02:46 INFO User login successful user_id=123
2026-04-18 15:02:48 WARNING High memory usage detected service=auth
2026-04-18 15:02:50 INFO User login successful user_id=123
2026-04-18 15:02:52 INFO Order placed order_id=567
2026-04-18 15:02:54 ERROR Timeout while calling payment API
2026-04-18 15:02:56 WARNING Disk usage high server=prod-1
2026-04-18 15:02:58 INFO User logout user_id=123
2026-04-18 15:03:00 INFO Order placed order_id=567
2026-04-18 15:03:02 ERROR Timeout while calling payment API
2026-04-18 15:03:04 ERROR Payment failed transaction_id=789
2026-04-18 15:03:06 INFO User logout user_id=123
2026-04-18 15:03:08 INFO Order placed order_id=567
2026-04-18 15:03:10 ERROR Timeout while calling payment API
2026-04-18 15:03:12 INFO User login successful user_id=123
2026-04-18 15:03:14 INFO User logout user_id=123
2026-04-18 15:03:16 WARNING High memory usage detected service=auth
2026-04-18 15:03:18 WARNING High memory usage detected service=auth
2026-04-18 15:03:20 WARNING High memory usage detected service=auth
2026-04-18 15:03:22 ERROR Timeout while calling payment API
2026-04-18 15:03:25 INFO User login successful user_id=123
2026-04-18 15:03:27 INFO Order placed order_id=567
2026-04-18 15:03:29 ERROR Timeout while calling payment API
2026-04-18 15:03:31 WARNING High memory usage detected service=auth
2026-04-18 15:03:33 INFO User login successful user_id=123
2026-04-18 15:03:35 ERROR Payment failed transaction_id=789
2026-04-18 15:03:37 INFO Order placed order_id=567
2026-04-18 15:03:39 WARNING High memory usage detected service=auth
2026-04-18 15:03:41 ERROR Payment failed transaction_id=789
2026-04-18 15:03:43 ERROR Timeout while calling payment API
2026-04-18 15:03:45 ERROR Database connection failed db=orders
2026-04-18 15:03:47 ERROR Payment failed transaction_id=789
2026-04-18 15:03:49 INFO User login successful user_id=123
2026-04-18 15:03:51 INFO User logout user_id=123
2026-04-18 15:03:53 INFO User login successful user_id=123
2026-04-18 15:03:55 ERROR Timeout while calling payment API
2026-04-18 15:03:57 WARNING High memory usage detected service=auth
2026-04-18 15:03:59 INFO User login successful user_id=123
2026-04-18 15:04:01 INFO Order placed order_id=567
2026-04-18 15:04:03 ERROR Timeout while calling payment API
2026-04-18 15:04:05 WARNING High memory usage detected service=auth
2026-04-18 15:04:07 ERROR Payment failed transaction_id=789
2026-04-18 15:04:09 INFO User login successful user_id=123
2026-04-18 15:04:11 INFO Order placed order_id=567
2026-04-18 15:04:13 WARNING Disk usage high server=prod-1
2026-04-18 15:04:15 ERROR Timeout while calling payment API
2026-04-18 15:04:17 ERROR Timeout while calling payment API
2026-04-18 15:04:19 ERROR Database connection failed db=orders
2026-04-18 15:04:21 WARNING Disk usage high server=prod-1
2026-04-18 15:04:23 INFO Order placed order_id=567
2026-04-18 15:04:25 ERROR Payment failed transaction_id=789
2026-04-18 15:04:27 ERROR Timeout while calling payment API
2026-04-18 15:04:29 INFO Order placed order_id=567
2026-04-18 15:04:31 WARNING Disk usage high server=prod-1
2026-04-18 15:04:33 ERROR Timeout while calling payment API
2026-04-18 15:04:35 INFO Order placed order_id=567
2026-04-18 15:04:37 ERROR Timeout while calling payment API
2026-04-18 15:04:39 WARNING Disk usage high server=prod-1
2026-04-18 15:04:41 WARNING High memory usage detected service=auth
2026-04-18 15:04:43 WARNING High memory usage detected service=auth
2026-04-18 15:04:45 ERROR Timeout while calling payment API
2026-04-18 15:11:13 ERROR Timeout while calling payment API
2026-04-18 15:11:15 ERROR Database connection failed db=orders
2026-04-18 15:11:17 INFO User logout user_id=123
2026-04-18 17:21:20 WARNING High memory usage detected service=auth
2026-04-18 17:21:23 WARNING High memory usage detected service=auth
2026-04-18 17:21:25 WARNING Disk usage high server=prod-1
2026-04-18 17:21:27 ERROR Timeout while calling payment API
2026-04-18 17:21:29 ERROR Database connection failed db=orders
2026-04-18 17:21:31 ERROR Payment failed transaction_id=789
2026-04-18 17:21:34 ERROR Timeout while calling payment API
2026-04-18 17:21:36 WARNING High memory usage detected service=auth
2026-04-18 17:21:38 ERROR Payment failed transaction_id=789
2026-04-18 17:21:40 ERROR Timeout while calling payment API
2026-04-18 17:21:42 ERROR Payment failed transaction_id=789
2026-04-18 17:21:44 ERROR Timeout while calling payment API
2026-04-18 17:21:46 INFO Order placed order_id=567
2026-04-18 17:21:48 WARNING Disk usage high server=prod-1
2026-04-18 17:21:50 ERROR Timeout while calling payment API
2026-04-18 17:21:52 ERROR Timeout while calling payment API
2026-04-18 17:21:54 ERROR Payment failed transaction_id=789
2026-04-18 17:21:56 ERROR Timeout while calling payment API
2026-04-18 17:21:58 ERROR Database connection failed db=orders
2026-04-18 17:22:00 INFO Order placed order_id=567
2026-04-18 17:22:02 ERROR Payment failed transaction_id=789
2026-04-18 17:22:04 WARNING Disk usage high server=prod-1
2026-04-18 17:22:06 WARNING High memory usage detected service=auth
2026-04-18 17:22:08 INFO Order placed order_id=567
2026-04-18 17:22:10 ERROR Timeout while calling payment API
2026-04-18 17:22:12 ERROR Payment failed transaction_id=789
2026-04-18 17:22:14 ERROR Timeout while calling payment API
2026-04-18 17:22:16 WARNING Disk usage high server=prod-1
2026-04-18 17:22:18 ERROR Database connection failed db=orders
2026-04-18 17:22:20 INFO User logout user_id=123
2026-04-18 17:22:22 INFO Order placed order_id=567
2026-04-18 17:22:24 ERROR Database connection failed db=orders
2026-04-18 17:22:26 ERROR Timeout while calling payment API
2026-04-18 17:22:28 WARNING High memory usage detected service=auth
2026-04-18 17:22:30 WARNING Disk usage high server=prod-1
2026-04-18 17:22:33 INFO User login successful user_id=123
2026-04-18 17:22:35 ERROR Payment failed transaction_id=789
2026-04-18 17:22:37 ERROR Timeout while calling payment API
2026-04-18 17:22:39 ERROR Payment failed transaction_id=789
2026-04-18 17:22:41 WARNING Disk usage high server=prod-1
2026-04-18 17:22:43 INFO User logout user_id=123
2026-04-18 17:22:45 INFO User login successful user_id=123
2026-04-18 17:22:47 INFO Order placed order_id=567
2026-04-18 17:22:49 INFO Order placed order_id=567
2026-04-18 17:22:51 INFO Order placed order_id=567
2026-04-18 17:22:53 ERROR Payment failed transaction_id=789
2026-04-18 17:22:55 ERROR Timeout while calling payment API
2026-04-18 17:22:57 WARNING High memory usage detected service=auth
2026-04-18 17:22:59 WARNING Disk usage high server=prod-1
2026-04-18 17:23:01 ERROR Database connection failed db=orders
2026-04-18 17:23:03 INFO User logout user_id=123
2026-04-18 17:23:05 ERROR Timeout while calling payment API
2026-04-18 17:23:07 INFO User login successful user_id=123
2026-04-18 17:23:09 ERROR Database connection failed db=orders
2026-04-18 17:23:11 INFO User login successful user_id=123
2026-04-18 17:23:13 WARNING Disk usage high server=prod-1
2026-04-18 17:23:15 INFO User logout user_id=123
2026-04-18 17:23:17 WARNING Disk usage high server=prod-1
2026-04-18 17:23:19 INFO User login successful user_id=123
2026-04-18 17:23:21 ERROR Database connection failed db=orders
2026-04-18 17:23:23 ERROR Database connection failed db=orders
2026-04-18 17:23:25 ERROR Database connection failed db=orders
2026-04-18 17:23:27 INFO Order placed order_id=567
2026-04-18 17:23:29 ERROR Database connection failed db=orders
2026-04-18 17:23:31 INFO Order placed order_id=567
2026-04-18 17:23:33 INFO User login successful user_id=123
2026-04-18 17:23:35 INFO User login successful user_id=123
2026-04-18 17:23:37 WARNING High memory usage detected service=auth
2026-04-18 17:23:39 INFO User login successful user_id=123
2026-04-18 17:23:41 INFO User logout user_id=123
2026-04-18 17:23:43 WARNING Disk usage high server=prod-1
2026-04-18 17:23:45 ERROR Timeout while calling payment API
2026-04-18 17:23:47 ERROR Timeout while calling payment API
2026-04-18 17:23:49 ERROR Database connection failed db=orders
2026-04-18 17:23:51 ERROR Database connection failed db=orders
2026-04-18 17:23:53 ERROR Timeout while calling payment API
2026-04-18 17:23:55 ERROR Timeout while calling payment API
2026-04-18 17:23:57 ERROR Timeout while calling payment API
